
> @xarlord/devflow-enforcer@2.0.0 test
> vitest src/toon/resolver.test.ts --run

[33mThe CJS build of Vite's Node API is deprecated. See https://vite.dev/guide/troubleshooting.html#vite-cjs-node-api-deprecated for more details.[39m

[7m[1m[36m RUN [39m[22m[27m [36mv1.6.1[39m [90mC:/Users/sefa.ocakli/PluginTrials/sw-dev-workflow[39m

 [33m❯[39m src/toon/resolver.test.ts [2m ([22m[2m0 test[22m[2m)[22m

[31m⎯⎯⎯⎯⎯⎯[1m[7m Failed Suites 1 [27m[22m⎯⎯⎯⎯⎯⎯⎯[39m

[31m[1m[7m FAIL [27m[22m[39m src/toon/resolver.test.ts [2m[ src/toon/resolver.test.ts ][22m
[31m[1mError[22m: Transform failed with 1 error:
C:/Users/sefa.ocakli/PluginTrials/sw-dev-workflow/src/toon/resolver.ts:224:8: ERROR: Expected ";" but found "regex"[39m
[90m [2m❯[22m failureErrorWithLog node_modules/esbuild/lib/main.js:[2m1472:15[22m[39m
[90m [2m❯[22m node_modules/esbuild/lib/main.js:[2m755:50[22m[39m
[90m [2m❯[22m responseCallbacks.<computed> node_modules/esbuild/lib/main.js:[2m622:9[22m[39m
[90m [2m❯[22m handleIncomingPacket node_modules/esbuild/lib/main.js:[2m677:12[22m[39m
[90m [2m❯[22m Socket.readFromStdout node_modules/esbuild/lib/main.js:[2m600:7[22m[39m
[90m [2m❯[22m Socket.emit node:events:[2m508:28[22m[39m

[31m[2m⎯⎯⎯⎯⎯⎯⎯⎯⎯⎯⎯⎯⎯⎯⎯⎯⎯⎯⎯⎯⎯⎯⎯⎯[1/1]⎯[22m[39m

[2m Test Files [22m [1m[31m1 failed[39m[22m[90m (1)[39m
[2m      Tests [22m [2mno tests[22m
[2m   Start at [22m 18:25:36
[2m   Duration [22m 695ms[2m (transform 75ms, setup 0ms, collect 0ms, tests 0ms, environment 0ms, prepare 230ms)[22m

